mod_apparmor.c
mod_apreq2.c
mod_auth_cas.c
mod_auth_kerb.c
mod_auth_mellon.c
mod_auth_memcookie.c
mod_auth_mysql.c
mod_authn_sasl.c
mod_auth_ntlm_winbin.c
mod_authn_webid.c
mod_authn_yubikey.c
mod_authnz_external.c
mod_auth_openid.c
mod_auth_pgsql.c
mod_auth_plain.c
mod_auth_pubtkt.c
mod_auth_radius.c
mod_auth_tkt.c
mod_authz_unixgroup.c
mod_axis2c.c
mod_bw.c
mod_dacs.c
mod_defensible.c
mod_dnssd.c
mod_encoding.c
mod_evasive.c
mod_fastcgi.c
mod_fcgid.c
mod_fcgid_dbg.c
mod_geoip.c
mod_gnutls.c
mod_jk.c
mod_ldap_userdir.c
mod_ldap_userdir_dbg.c
mod_lisp.c
mod_log_slow.c
mod_log_sql.c
mod_log_sql_dbi.c
mod_log_sql_mysql.c
mod_log_sql_ssl.c
mod_macro.c
mod_mapcache.c
mod_mime_xattr.c
mod_mono.c
mod_musicindex.c
mod_neko.c
mod_netcgi_apache.c
mod_nss.c
mod_ocamlnet.c
mod_parser3.c
mod_passenger.c
mod_perl2.c
mod_perl2_dev.c
mod_perl2_doc.c
mod_php5.c
mod_php5filter.c
mod_proxy_html.c
mod_proxy_msrpc.c
mod_proxy_uwsgi.c
mod_proxy_uwsgi_dbg.c
mod_python.c
mod_python_doc.c
mod_qos.c
mod_removeip.c
mod_rivet.c
mod_rivet_doc.c
mod_rpaf.c
mod_ruby.c
mod_ruid2.c
mod_ruwsgi.c
mod_ruwsgi_dbg.c
mod_scgi.c
mod_security2.c
mod_shib2.c
mod_spamhaus.c
mod_suphp.c
mod_svn.c
mod_upload_progress.c
mod_uwsgi.c
mod_uwsgi_dbg.c
mod_vhost_ldap.c
mod_watchcat.c
mod_webauth.c
mod_webauthldap.c
mod_webkdc.c
mod_wsgi.c
mod_wsgi_py3.c
mod_xsendfile.c
